Auto-fusionando packages/electron/package.json
Merge made by the 'ort' strategy.
 .gitignore                                         |   3 +
 CHANGELOG.md                                       |   9 +
 Dockerfile                                         |   6 +-
 SETTINGS_SEARCH_PLAN.md                            | 150 ----
 bun.lock                                           |  18 +-
 docs/PREVIEW_REMOTE_RELAY.md                       | 326 ---------
 package.json                                       |   2 +-
 packages/electron/package.json                     |   2 +-
 packages/ui/package.json                           |   4 +-
 packages/ui/src/components/chat/ChatInput.tsx      |  48 +-
 .../sections/openchamber/OpenChamberPage.tsx       |   4 +-
 .../openchamber/OpenChamberVisualSettings.tsx      |  97 +--
 .../openchamber/WorktreeSectionContent.tsx         |  17 +-
 .../session/sidebar/SessionGroupSection.tsx        |  11 +-
 .../hooks/useProjectSessionSelection.test.ts       | 262 +++++++
 .../sidebar/hooks/useProjectSessionSelection.ts    |   9 +
 .../session/sidebar/hooks/useSessionActions.ts     |  13 +-
 packages/ui/src/lib/api/types.ts                   |   1 +
 packages/ui/src/lib/desktop.ts                     |   1 +
 packages/ui/src/lib/i18n/messages/en.settings.ts   |   6 +
 packages/ui/src/lib/i18n/messages/es.settings.ts   |   6 +
 packages/ui/src/lib/i18n/messages/fr.settings.ts   |   6 +
 packages/ui/src/lib/i18n/messages/ja.settings.ts   |   6 +
 packages/ui/src/lib/i18n/messages/ko.settings.ts   |   6 +
 packages/ui/src/lib/i18n/messages/pl.settings.ts   |   6 +
 .../ui/src/lib/i18n/messages/pt-BR.settings.ts     |   6 +
 packages/ui/src/lib/i18n/messages/uk.settings.ts   |   6 +
 .../ui/src/lib/i18n/messages/zh-CN.settings.ts     |   6 +
 .../ui/src/lib/i18n/messages/zh-TW.settings.ts     |   6 +
 packages/ui/src/lib/opencode/client.ts             |   2 +
 packages/ui/src/lib/persistence.ts                 |  18 +-
 packages/ui/src/lib/settings/search.ts             |   8 +-
 packages/ui/src/stores/messageQueueStore.ts        |  63 +-
 packages/ui/src/stores/useGitHubPrStatusStore.ts   |  45 +-
 .../sync/__tests__/session-status-snapshot.test.ts |  53 ++
 packages/ui/src/sync/session-actions.ts            |   8 +
 packages/ui/src/sync/session-ui-store.ts           |   5 +
 packages/ui/src/sync/sync-context.tsx              |  49 +-
 packages/vscode/CHANGELOG.md                       |   5 +
 packages/vscode/package.json                       |   2 +-
 packages/web/package.json                          |   2 +-
 packages/web/server/index.js                       |  19 +-
 packages/web/server/lib/git/service.js             |  15 +-
 packages/web/server/lib/github/index.js            |   1 +
 packages/web/server/lib/github/octokit.js          |  22 +-
 packages/web/server/lib/github/pr-status.js        |  70 +-
 packages/web/server/lib/github/rate-limit.js       |  66 ++
 packages/web/server/lib/github/routes.js           |  80 ++-
 packages/web/server/lib/opencode/lifecycle.js      |  16 +-
 .../web/server/lib/opencode/settings-helpers.js    |  20 +-
 review-flow-implementation-plan.md                 | 766 ---------------------
 51 files changed, 960 insertions(+), 1418 deletions(-)
 delete mode 100644 SETTINGS_SEARCH_PLAN.md
 delete mode 100644 docs/PREVIEW_REMOTE_RELAY.md
 create mode 100644 packages/ui/src/components/session/sidebar/hooks/useProjectSessionSelection.test.ts
 create mode 100644 packages/web/server/lib/github/rate-limit.js
 delete mode 100644 review-flow-implementation-plan.md
?? .staticeng/.config/staticeng.yaml
